2026/10/09 07:15:06.669 [1;34m[I][0m [server.go:280]  http server Running on http://:8080
2026/10/09 07:15:10.609 [1;44m[D][0m [router.go:1305]  |            ::1|[42m 200 [0m|    44.5282ms|   match|[44m GET     [0m /v1/estado   r:/v1/estado
2026/10/09 07:15:23.706 [1;44m[D][0m [router.go:1305]  |            ::1|[42m 200 [0m|    51.2432ms|   match|[44m GET     [0m /v1/perfil/1   r:/v1/perfil/:id
2026/10/09 07:15:23.749 [1;44m[D][0m [router.go:1305]  |            ::1|[42m 200 [0m|    40.3943ms|   match|[44m GET     [0m /v1/resumen-financiero/1   r:/v1/resumen-financiero/:id
2026/10/09 07:15:23.769 [1;44m[D][0m [router.go:1305]  |            ::1|[42m 200 [0m|    17.8421ms|   match|[44m GET     [0m /v1/progreso-educativo/1   r:/v1/progreso-educativo/:id
2026/10/09 07:15:23.785 [1;44m[D][0m [router.go:1305]  |            ::1|[42m 200 [0m|    14.5409ms|   match|[44m GET     [0m /v1/solicitud-credito/usuario/1   r:/v1/solicitud-credito/usuario/:id
2026/10/09 07:15:23.800 [1;44m[D][0m [router.go:1305]  |            ::1|[42m 200 [0m|    13.0538ms|   match|[44m GET     [0m /v1/pqr/usuario/1   r:/v1/pqr/usuario/:id
2026/10/09 07:15:23.802 [1;44m[D][0m [router.go:1305]  |            ::1|[42m 200 [0m|   153.6194ms|   match|[44m GET     [0m /v1/dashboard/1   r:/v1/dashboard/:id
2026/10/09 07:15:35.646 [1;44m[D][0m [router.go:1305]  |            ::1|[42m 200 [0m|    12.5459ms|   match|[44m GET     [0m /v1/perfil/1   r:/v1/perfil/:id
2026/10/09 07:15:35.710 [1;44m[D][0m [router.go:1305]  |            ::1|[43m 404 [0m|     3.8378ms|   match|[44m GET     [0m /v1/perfil/99   r:/v1/perfil/:id
2026/10/09 07:15:35.781 [1;44m[D][0m [router.go:1305]  |            ::1|[43m 400 [0m|           0s|   match|[44m GET     [0m /v1/perfil/abc   r:/v1/perfil/:id
2026/10/09 07:15:35.991 [1;44m[D][0m [router.go:1305]  |            ::1|[42m 200 [0m|   139.8892ms|   match|[46m POST    [0m /v1/login   r:/v1/login
2026/10/09 07:15:36.115 [1;44m[D][0m [router.go:1305]  |            ::1|[43m 401 [0m|    68.5156ms|   match|[46m POST    [0m /v1/login   r:/v1/login
2026/10/09 07:15:36.237 [1;44m[D][0m [router.go:1305]  |            ::1|[42m 200 [0m|    67.6753ms|   match|[46m POST    [0m /v1/login   r:/v1/login
2026/10/09 07:15:36.364 [1;44m[D][0m [router.go:1305]  |            ::1|[42m 201 [0m|    70.7816ms|   match|[46m POST    [0m /v1/registro   r:/v1/registro
2026/10/09 07:15:36.423 [1;44m[D][0m [router.go:1305]  |            ::1|[43m 409 [0m|     4.1702ms|   match|[46m POST    [0m /v1/registro   r:/v1/registro
2026/10/09 07:15:36.566 [1;44m[D][0m [router.go:1305]  |            ::1|[42m 200 [0m|    68.3356ms|   match|[46m POST    [0m /v1/login   r:/v1/login
2026/10/09 07:15:36.637 [1;44m[D][0m [router.go:1305]  |            ::1|[42m 200 [0m|    17.9546ms|   match|[44m GET     [0m /v1/resumen-financiero/1   r:/v1/resumen-financiero/:id
2026/10/09 07:15:36.707 [1;44m[D][0m [router.go:1305]  |            ::1|[42m 200 [0m|     8.7183ms|   match|[44m GET     [0m /v1/progreso-educativo/1   r:/v1/progreso-educativo/:id
2026/10/09 07:15:36.789 [1;44m[D][0m [router.go:1305]  |            ::1|[42m 200 [0m|    13.2401ms|   match|[44m GET     [0m /v1/ofertas   r:/v1/ofertas
2026/10/09 07:15:36.884 [1;44m[D][0m [router.go:1305]  |            ::1|[42m 201 [0m|    30.9279ms|   match|[46m POST    [0m /v1/solicitud-credito   r:/v1/solicitud-credito
2026/10/09 07:15:36.954 [1;44m[D][0m [router.go:1305]  |            ::1|[43m 400 [0m|     5.4871ms|   match|[46m POST    [0m /v1/solicitud-credito   r:/v1/solicitud-credito
2026/10/09 07:15:37.031 [1;44m[D][0m [router.go:1305]  |            ::1|[43m 404 [0m|     5.5298ms|   match|[46m POST    [0m /v1/solicitud-credito   r:/v1/solicitud-credito
2026/10/09 07:15:37.107 [1;44m[D][0m [router.go:1305]  |            ::1|[42m 200 [0m|     3.2109ms|   match|[44m GET     [0m /v1/solicitud-credito/usuario/2   r:/v1/solicitud-credito/usuario/:id
2026/10/09 07:15:37.198 [1;44m[D][0m [router.go:1305]  |            ::1|[42m 201 [0m|    15.4932ms|   match|[46m POST    [0m /v1/pqr   r:/v1/pqr
2026/10/09 07:15:37.261 [1;44m[D][0m [router.go:1305]  |            ::1|[43m 400 [0m|           0s|   match|[46m POST    [0m /v1/pqr   r:/v1/pqr
2026/10/09 07:15:37.345 [1;44m[D][0m [router.go:1305]  |            ::1|[42m 200 [0m|     6.1476ms|   match|[44m GET     [0m /v1/pqr/usuario/1   r:/v1/pqr/usuario/:id
2026/10/09 07:15:37.421 [1;44m[D][0m [router.go:1305]  |            ::1|[43m 404 [0m|     2.7665ms|   match|[44m GET     [0m /v1/resumen-financiero/99   r:/v1/resumen-financiero/:id
2026/10/09 07:15:37.426 [1;44m[D][0m [router.go:1305]  |            ::1|[43m 404 [0m|     3.3319ms|   match|[44m GET     [0m /v1/progreso-educativo/99   r:/v1/progreso-educativo/:id
2026/10/09 07:15:37.432 [1;44m[D][0m [router.go:1305]  |            ::1|[42m 200 [0m|      3.417ms|   match|[44m GET     [0m /v1/solicitud-credito/usuario/99   r:/v1/solicitud-credito/usuario/:id
2026/10/09 07:15:37.438 [1;44m[D][0m [router.go:1305]  |            ::1|[42m 200 [0m|     4.8474ms|   match|[44m GET     [0m /v1/pqr/usuario/99   r:/v1/pqr/usuario/:id
2026/10/09 07:15:37.442 [1;44m[D][0m [router.go:1305]  |            ::1|[43m 404 [0m|      2.184ms|   match|[44m GET     [0m /v1/perfil/99   r:/v1/perfil/:id
2026/10/09 07:15:37.444 [1;44m[D][0m [router.go:1305]  |            ::1|[43m 404 [0m|    27.3249ms|   match|[44m GET     [0m /v1/dashboard/99   r:/v1/dashboard/:id
2026/10/09 07:15:37.497 [1;44m[D][0m [router.go:1305]  |            ::1|[43m 404 [0m|     1.5637ms| nomatch|[44m GET     [0m /v1/crud/finanzas/categoria
