2026/10/09 07:14:46.314 [1;34m[I][0m [server.go:280]  http server Running on http://:8081
2026/10/09 07:15:10.585 [1;44m[D][0m [router.go:1305]  |            ::1|[43m 404 [0m|     1.5795ms| nomatch|[44m GET     [0m /v1
2026/10/09 07:15:23.682 [1;44m[D][0m [router.go:1305]  |            ::1|[42m 200 [0m|    25.9217ms|   match|[44m GET     [0m /v1/usuario/1   r:/v1/usuario/:id
2026/10/09 07:15:23.690 [1;44m[D][0m [router.go:1305]  |            ::1|[42m 200 [0m|     3.4672ms|   match|[44m GET     [0m /v1/tipo_documento/1   r:/v1/tipo_documento/:id
2026/10/09 07:15:23.699 [1;44m[D][0m [router.go:1305]  |            ::1|[42m 200 [0m|     7.2897ms|   match|[44m GET     [0m /v1/usuario_rol   r:/v1/usuario_rol/
2026/10/09 07:15:23.705 [1;44m[D][0m [router.go:1305]  |            ::1|[42m 200 [0m|     3.3263ms|   match|[44m GET     [0m /v1/rol/1   r:/v1/rol/:id
2026/10/09 07:15:23.709 [1;44m[D][0m [router.go:1305]  |            ::1|[42m 200 [0m|        529µs|   match|[44m GET     [0m /v1/usuario/1   r:/v1/usuario/:id
2026/10/09 07:15:23.751 [1;44m[D][0m [router.go:1305]  |            ::1|[42m 200 [0m|      547.5µs|   match|[44m GET     [0m /v1/usuario/1   r:/v1/usuario/:id
2026/10/09 07:15:35.634 [1;44m[D][0m [router.go:1305]  |            ::1|[42m 200 [0m|     1.0362ms|   match|[44m GET     [0m /v1/usuario/1   r:/v1/usuario/:id
2026/10/09 07:15:35.637 [1;44m[D][0m [router.go:1305]  |            ::1|[42m 200 [0m|      530.2µs|   match|[44m GET     [0m /v1/tipo_documento/1   r:/v1/tipo_documento/:id
2026/10/09 07:15:35.640 [1;44m[D][0m [router.go:1305]  |            ::1|[42m 200 [0m|      525.4µs|   match|[44m GET     [0m /v1/usuario_rol   r:/v1/usuario_rol/
2026/10/09 07:15:35.644 [1;44m[D][0m [router.go:1305]  |            ::1|[42m 200 [0m|      518.1µs|   match|[44m GET     [0m /v1/rol/1   r:/v1/rol/:id
2026/10/09 07:15:35.707 [1;44m[D][0m [router.go:1305]  |            ::1|[42m 200 [0m|      506.9µs|   match|[44m GET     [0m /v1/usuario/99   r:/v1/usuario/:id
2026/10/09 07:15:35.854 [1;44m[D][0m [router.go:1305]  |            ::1|[42m 200 [0m|     3.6997ms|   match|[44m GET     [0m /v1/usuario   r:/v1/usuario/
2026/10/09 07:15:35.861 [1;44m[D][0m [router.go:1305]  |            ::1|[42m 200 [0m|     4.6003ms|   match|[44m GET     [0m /v1/credencial   r:/v1/credencial/
Number of records updated in database: 1
2026/10/09 07:15:35.972 [1;44m[D][0m [router.go:1305]  |            ::1|[42m 200 [0m|    52.6398ms|   match|[43m PUT     [0m /v1/credencial/2   r:/v1/credencial/:id
2026/10/09 07:15:35.988 [1;44m[D][0m [router.go:1305]  |            ::1|[42m 201 [0m|     6.8797ms|   match|[46m POST    [0m /v1/auditoria_login   r:/v1/auditoria_login/
2026/10/09 07:15:36.049 [1;44m[D][0m [router.go:1305]  |            ::1|[42m 200 [0m|      1.171ms|   match|[44m GET     [0m /v1/usuario   r:/v1/usuario/
2026/10/09 07:15:36.052 [1;44m[D][0m [router.go:1305]  |            ::1|[42m 200 [0m|        527µs|   match|[44m GET     [0m /v1/credencial   r:/v1/credencial/
Number of records updated in database: 1
2026/10/09 07:15:36.110 [1;44m[D][0m [router.go:1305]  |            ::1|[42m 200 [0m|     2.2186ms|   match|[43m PUT     [0m /v1/credencial/2   r:/v1/credencial/:id
2026/10/09 07:15:36.114 [1;44m[D][0m [router.go:1305]  |            ::1|[42m 201 [0m|     1.0229ms|   match|[46m POST    [0m /v1/auditoria_login   r:/v1/auditoria_login/
2026/10/09 07:15:36.171 [1;44m[D][0m [router.go:1305]  |            ::1|[42m 200 [0m|      570.8µs|   match|[44m GET     [0m /v1/usuario   r:/v1/usuario/
2026/10/09 07:15:36.174 [1;44m[D][0m [router.go:1305]  |            ::1|[42m 200 [0m|     1.0592ms|   match|[44m GET     [0m /v1/credencial   r:/v1/credencial/
Number of records updated in database: 1
2026/10/09 07:15:36.231 [1;44m[D][0m [router.go:1305]  |            ::1|[42m 200 [0m|     1.6379ms|   match|[43m PUT     [0m /v1/credencial/2   r:/v1/credencial/:id
2026/10/09 07:15:36.234 [1;44m[D][0m [router.go:1305]  |            ::1|[42m 201 [0m|      502.8µs|   match|[46m POST    [0m /v1/auditoria_login   r:/v1/auditoria_login/
2026/10/09 07:15:36.296 [1;44m[D][0m [router.go:1305]  |            ::1|[42m 200 [0m|     1.0782ms|   match|[44m GET     [0m /v1/usuario   r:/v1/usuario/
2026/10/09 07:15:36.298 [1;44m[D][0m [router.go:1305]  |            ::1|[42m 200 [0m|      914.4µs|   match|[44m GET     [0m /v1/rol   r:/v1/rol/
2026/10/09 07:15:36.356 [1;44m[D][0m [router.go:1305]  |            ::1|[42m 201 [0m|     1.0842ms|   match|[46m POST    [0m /v1/usuario   r:/v1/usuario/
2026/10/09 07:15:36.359 [1;44m[D][0m [router.go:1305]  |            ::1|[42m 201 [0m|     1.0793ms|   match|[46m POST    [0m /v1/credencial   r:/v1/credencial/
2026/10/09 07:15:36.363 [1;44m[D][0m [router.go:1305]  |            ::1|[42m 201 [0m|     1.9284ms|   match|[46m POST    [0m /v1/usuario_rol   r:/v1/usuario_rol/
2026/10/09 07:15:36.421 [1;44m[D][0m [router.go:1305]  |            ::1|[42m 200 [0m|      528.5µs|   match|[44m GET     [0m /v1/usuario   r:/v1/usuario/
2026/10/09 07:15:36.499 [1;44m[D][0m [router.go:1305]  |            ::1|[42m 200 [0m|     1.0242ms|   match|[44m GET     [0m /v1/usuario   r:/v1/usuario/
2026/10/09 07:15:36.502 [1;44m[D][0m [router.go:1305]  |            ::1|[42m 200 [0m|      1.071ms|   match|[44m GET     [0m /v1/credencial   r:/v1/credencial/
Number of records updated in database: 1
2026/10/09 07:15:36.560 [1;44m[D][0m [router.go:1305]  |            ::1|[42m 200 [0m|     1.2443ms|   match|[43m PUT     [0m /v1/credencial/7   r:/v1/credencial/:id
2026/10/09 07:15:36.564 [1;44m[D][0m [router.go:1305]  |            ::1|[42m 201 [0m|      513.1µs|   match|[46m POST    [0m /v1/auditoria_login   r:/v1/auditoria_login/
2026/10/09 07:15:36.621 [1;44m[D][0m [router.go:1305]  |            ::1|[42m 200 [0m|      537.5µs|   match|[44m GET     [0m /v1/usuario/1   r:/v1/usuario/:id
2026/10/09 07:15:36.698 [1;44m[D][0m [router.go:1305]  |            ::1|[42m 200 [0m|      506.3µs|   match|[44m GET     [0m /v1/usuario/1   r:/v1/usuario/:id
2026/10/09 07:15:36.854 [1;44m[D][0m [router.go:1305]  |            ::1|[42m 200 [0m|     1.1217ms|   match|[44m GET     [0m /v1/usuario/2   r:/v1/usuario/:id
2026/10/09 07:15:36.949 [1;44m[D][0m [router.go:1305]  |            ::1|[42m 200 [0m|     1.0327ms|   match|[44m GET     [0m /v1/usuario/2   r:/v1/usuario/:id
2026/10/09 07:15:37.026 [1;44m[D][0m [router.go:1305]  |            ::1|[42m 200 [0m|      508.2µs|   match|[44m GET     [0m /v1/usuario/2   r:/v1/usuario/:id
2026/10/09 07:15:37.184 [1;44m[D][0m [router.go:1305]  |            ::1|[42m 200 [0m|      512.4µs|   match|[44m GET     [0m /v1/usuario/2   r:/v1/usuario/:id
2026/10/09 07:15:37.419 [1;44m[D][0m [router.go:1305]  |            ::1|[42m 200 [0m|      525.8µs|   match|[44m GET     [0m /v1/usuario/99   r:/v1/usuario/:id
2026/10/09 07:15:37.424 [1;44m[D][0m [router.go:1305]  |            ::1|[42m 200 [0m|     1.0635ms|   match|[44m GET     [0m /v1/usuario/99   r:/v1/usuario/:id
2026/10/09 07:15:37.441 [1;44m[D][0m [router.go:1305]  |            ::1|[42m 200 [0m|      525.5µs|   match|[44m GET     [0m /v1/usuario/99   r:/v1/usuario/:id
